Component: ARM Compiler 5.06 update 6 (build 750) Tool: armlink [4d35ed]

==============================================================================

Small function inlining results

Inlined total of 0 calls.

==============================================================================

Image Symbol Table

    Local Symbols

    Symbol Name                              Value     Ov Type        Size  Object(Section)

    RESET                                    0x00000000   Section      192  startup_m031series.o(RESET)
    ../clib/microlib/division.c              0x00000000   Number         0  uldiv.o ABSOLUTE
    ../clib/microlib/division.c              0x00000000   Number         0  uidiv.o ABSOLUTE
    ../clib/microlib/init/entry.s            0x00000000   Number         0  entry7a.o ABSOLUTE
    ../clib/microlib/init/entry.s            0x00000000   Number         0  entry7b.o ABSOLUTE
    ../clib/microlib/init/entry.s            0x00000000   Number         0  entry8a.o ABSOLUTE
    ../clib/microlib/init/entry.s            0x00000000   Number         0  entry8b.o ABSOLUTE
    ../clib/microlib/init/entry.s            0x00000000   Number         0  entry11a.o ABSOLUTE
    ../clib/microlib/init/entry.s            0x00000000   Number         0  entry11b.o ABSOLUTE
    ../clib/microlib/init/entry.s            0x00000000   Number         0  entry10b.o ABSOLUTE
    ../clib/microlib/init/entry.s            0x00000000   Number         0  entry9a.o ABSOLUTE
    ../clib/microlib/init/entry.s            0x00000000   Number         0  entry10a.o ABSOLUTE
    ../clib/microlib/init/entry.s            0x00000000   Number         0  entry9b.o ABSOLUTE
    ../clib/microlib/init/entry.s            0x00000000   Number         0  entry.o ABSOLUTE
    ../clib/microlib/init/entry.s            0x00000000   Number         0  entry2.o ABSOLUTE
    ../clib/microlib/init/entry.s            0x00000000   Number         0  entry5.o ABSOLUTE
    ../clib/microlib/longlong.c              0x00000000   Number         0  llsshr.o ABSOLUTE
    ../clib/microlib/longlong.c              0x00000000   Number         0  llushr.o ABSOLUTE
    ../clib/microlib/longlong.c              0x00000000   Number         0  llshl.o ABSOLUTE
    ../clib/microlib/printf/printf.c         0x00000000   Number         0  printfb.o ABSOLUTE
    ../clib/microlib/printf/printf.c         0x00000000   Number         0  printf0.o ABSOLUTE
    ../clib/microlib/printf/printf.c         0x00000000   Number         0  printf1.o ABSOLUTE
    ../clib/microlib/printf/printf.c         0x00000000   Number         0  printf3.o ABSOLUTE
    ../clib/microlib/printf/printf.c         0x00000000   Number         0  printf4.o ABSOLUTE
    ../clib/microlib/printf/printf.c         0x00000000   Number         0  printf5.o ABSOLUTE
    ../clib/microlib/printf/printf.c         0x00000000   Number         0  printf6.o ABSOLUTE
    ../clib/microlib/printf/printf.c         0x00000000   Number         0  printf7.o ABSOLUTE
    ../clib/microlib/printf/printf.c         0x00000000   Number         0  printf8.o ABSOLUTE
    ../clib/microlib/printf/printf.c         0x00000000   Number         0  printfa.o ABSOLUTE
    ../clib/microlib/printf/printf.c         0x00000000   Number         0  printf2.o ABSOLUTE
    ../clib/microlib/printf/stubs.s          0x00000000   Number         0  stubs.o ABSOLUTE
    ../clib/microlib/string/memcpy.c         0x00000000   Number         0  memcpya.o ABSOLUTE
    ../clib/microlib/string/memcpy.c         0x00000000   Number         0  memcpyb.o ABSOLUTE
    ../clib/microlib/stubs.s                 0x00000000   Number         0  iusefp.o ABSOLUTE
    ../fplib/microlib/fpadd.c                0x00000000   Number         0  dadd.o ABSOLUTE
    ../fplib/microlib/fpdiv.c                0x00000000   Number         0  ddiv.o ABSOLUTE
    ../fplib/microlib/fpepilogue.c           0x00000000   Number         0  depilogue.o ABSOLUTE
    ../fplib/microlib/fpfix.c                0x00000000   Number         0  dfixul.o ABSOLUTE
    ../fplib/microlib/fpmul.c                0x00000000   Number         0  dmul.o ABSOLUTE
    ..\..\..\Library\Device\Nuvoton\M031\Source\ARM\startup_M031Series.s 0x00000000   Number         0  startup_m031series.o ABSOLUTE
    ..\..\..\Library\Device\Nuvoton\M031\Source\system_M031Series.c 0x00000000   Number         0  system_m031series.o ABSOLUTE
    ..\..\..\Library\StdDriver\src\clk.c     0x00000000   Number         0  clk.o ABSOLUTE
    ..\..\..\Library\StdDriver\src\gpio.c    0x00000000   Number         0  gpio.o ABSOLUTE
    ..\..\..\Library\StdDriver\src\retarget.c 0x00000000   Number         0  retarget.o ABSOLUTE
    ..\..\..\Library\StdDriver\src\sys.c     0x00000000   Number         0  sys.o ABSOLUTE
    ..\..\..\Library\StdDriver\src\timer.c   0x00000000   Number         0  timer.o ABSOLUTE
    ..\..\..\Library\StdDriver\src\uart.c    0x00000000   Number         0  uart.o ABSOLUTE
    ..\\..\\..\\Library\\Device\\Nuvoton\\M031\\Source\\system_M031Series.c 0x00000000   Number         0  system_m031series.o ABSOLUTE
    ..\\..\\..\\Library\\StdDriver\\src\\clk.c 0x00000000   Number         0  clk.o ABSOLUTE
    ..\\..\\..\\Library\\StdDriver\\src\\gpio.c 0x00000000   Number         0  gpio.o ABSOLUTE
    ..\\..\\..\\Library\\StdDriver\\src\\retarget.c 0x00000000   Number         0  retarget.o ABSOLUTE
    ..\\..\\..\\Library\\StdDriver\\src\\sys.c 0x00000000   Number         0  sys.o ABSOLUTE
    ..\\..\\..\\Library\\StdDriver\\src\\timer.c 0x00000000   Number         0  timer.o ABSOLUTE
    ..\\..\\..\\Library\\StdDriver\\src\\uart.c 0x00000000   Number         0  uart.o ABSOLUTE
    ..\\main.c                               0x00000000   Number         0  main.o ABSOLUTE
    ..\main.c                                0x00000000   Number         0  main.o ABSOLUTE
    cdrcmple.s                               0x00000000   Number         0  cdrcmple.o ABSOLUTE
    handlers.s                               0x00000000   Number         0  handlers.o ABSOLUTE
    init.s                                   0x00000000   Number         0  init.o ABSOLUTE
    .ARM.Collect$$$$00000000                 0x000000c0   Section        0  entry.o(.ARM.Collect$$$$00000000)
    .ARM.Collect$$$$00000001                 0x000000c0   Section        4  entry2.o(.ARM.Collect$$$$00000001)
    .ARM.Collect$$$$00000004                 0x000000c4   Section        4  entry5.o(.ARM.Collect$$$$00000004)
    .ARM.Collect$$$$00000008                 0x000000c8   Section        0  entry7b.o(.ARM.Collect$$$$00000008)
    .ARM.Collect$$$$0000000A                 0x000000c8   Section        0  entry8b.o(.ARM.Collect$$$$0000000A)
    .ARM.Collect$$$$0000000B                 0x000000c8   Section        8  entry9a.o(.ARM.Collect$$$$0000000B)
    .ARM.Collect$$$$0000000D                 0x000000d0   Section        0  entry10a.o(.ARM.Collect$$$$0000000D)
    .ARM.Collect$$$$0000000F                 0x000000d0   Section        0  entry11a.o(.ARM.Collect$$$$0000000F)
    .ARM.Collect$$$$00002712                 0x000000d0   Section        4  entry2.o(.ARM.Collect$$$$00002712)
    __lit__00000000                          0x000000d0   Data           4  entry2.o(.ARM.Collect$$$$00002712)
    .emb_text                                0x000000d4   Section       28  retarget.o(.emb_text)
    .text                                    0x000000f0   Section       92  startup_m031series.o(.text)
    Default_Handler                          0x00000121   Thumb Code     2  startup_m031series.o(.text)
    .text                                    0x0000014c   Section        0  uidiv.o(.text)
    .text                                    0x00000178   Section        0  memcpya.o(.text)
    .text                                    0x0000019c   Section        0  uldiv.o(.text)
    .text                                    0x000001fc   Section       36  init.o(.text)
    .text                                    0x00000220   Section        0  llshl.o(.text)
    .text                                    0x00000240   Section        0  llushr.o(.text)
    i.CLK_EnableModuleClock                  0x00000264   Section        0  clk.o(i.CLK_EnableModuleClock)
    i.CLK_EnableXtalRC                       0x000002a4   Section        0  clk.o(i.CLK_EnableXtalRC)
    i.CLK_GetCPUFreq                         0x000002b4   Section        0  clk.o(i.CLK_GetCPUFreq)
    i.CLK_GetHXTFreq                         0x000002c4   Section        0  clk.o(i.CLK_GetHXTFreq)
    i.CLK_GetLXTFreq                         0x000002e0   Section        0  clk.o(i.CLK_GetLXTFreq)
    i.CLK_GetPCLK0Freq                       0x000002f8   Section        0  clk.o(i.CLK_GetPCLK0Freq)
    i.CLK_GetPCLK1Freq                       0x00000318   Section        0  clk.o(i.CLK_GetPCLK1Freq)
    i.CLK_GetPLLClockFreq                    0x00000338   Section        0  system_m031series.o(i.CLK_GetPLLClockFreq)
    CLK_GetPLLClockFreq                      0x00000339   Thumb Code   110  system_m031series.o(i.CLK_GetPLLClockFreq)
    i.CLK_GetPLLClockFreq                    0x000003b8   Section        0  uart.o(i.CLK_GetPLLClockFreq)
    CLK_GetPLLClockFreq                      0x000003b9   Thumb Code   110  uart.o(i.CLK_GetPLLClockFreq)
    i.CLK_SetHCLK                            0x00000438   Section        0  clk.o(i.CLK_SetHCLK)
    i.CLK_SetModuleClock                     0x000004a8   Section        0  clk.o(i.CLK_SetModuleClock)
    i.CLK_WaitClockReady                     0x00000534   Section        0  clk.o(i.CLK_WaitClockReady)
    i.CRC8                                   0x0000055c   Section        0  main.o(i.CRC8)
    i.GPIO_Init                              0x00000580   Section        0  main.o(i.GPIO_Init)
    i.GPIO_SetMode                           0x000005b8   Section        0  gpio.o(i.GPIO_SetMode)
    i.Hard_Fault_Handler                     0x000005e8   Section        0  retarget.o(i.Hard_Fault_Handler)
    __tagsym$$used                           0x000005e9   Number         0  retarget.o(i.Hard_Fault_Handler)
    i.NVIC_EnableIRQ                         0x00000614   Section        0  main.o(i.NVIC_EnableIRQ)
    NVIC_EnableIRQ                           0x00000615   Thumb Code    14  main.o(i.NVIC_EnableIRQ)
    i.NVIC_SetPriority                       0x00000628   Section        0  main.o(i.NVIC_SetPriority)
    NVIC_SetPriority                         0x00000629   Thumb Code   110  main.o(i.NVIC_SetPriority)
    i.SYS_Init                               0x000006a0   Section        0  main.o(i.SYS_Init)
    i.SYS_ResetModule                        0x00000754   Section        0  sys.o(i.SYS_ResetModule)
    i.SendChar                               0x00000784   Section        0  retarget.o(i.SendChar)
    SendChar                                 0x00000785   Thumb Code    12  retarget.o(i.SendChar)
    i.SendChar_ToUART                        0x00000790   Section        0  retarget.o(i.SendChar_ToUART)
    SendChar_ToUART                          0x00000791   Thumb Code    48  retarget.o(i.SendChar_ToUART)
    i.SysTick_Handler                        0x000007c4   Section        0  main.o(i.SysTick_Handler)
    i.SysTick_enable                         0x000007dc   Section        0  main.o(i.SysTick_enable)
    i.SystemCoreClockUpdate                  0x00000850   Section        0  system_m031series.o(i.SystemCoreClockUpdate)
    i.SystemInit                             0x000008b4   Section        0  system_m031series.o(i.SystemInit)
    i.TIMER0_Init                            0x00000904   Section        0  main.o(i.TIMER0_Init)
    i.TIMER1_Init                            0x00000920   Section        0  main.o(i.TIMER1_Init)
    i.TIMER_EnableInt                        0x00000948   Section        0  main.o(i.TIMER_EnableInt)
    TIMER_EnableInt                          0x00000949   Thumb Code    12  main.o(i.TIMER_EnableInt)
    i.TIMER_GetModuleClock                   0x00000954   Section        0  timer.o(i.TIMER_GetModuleClock)
    i.TIMER_Open                             0x000009e8   Section        0  timer.o(i.TIMER_Open)
    i.TIMER_Start                            0x00000a3a   Section        0  main.o(i.TIMER_Start)
    TIMER_Start                              0x00000a3b   Thumb Code    12  main.o(i.TIMER_Start)
    i.TMR0_IRQHandler                        0x00000a48   Section        0  main.o(i.TMR0_IRQHandler)
    i.TMR1_IRQHandler                        0x00000aa0   Section        0  main.o(i.TMR1_IRQHandler)
    i.UART02_IRQHandler                      0x00000aec   Section        0  main.o(i.UART02_IRQHandler)
    i.UART0_Init                             0x00000b38   Section        0  main.o(i.UART0_Init)
    i.UART_ClearIntFlag                      0x00000c2c   Section        0  uart.o(i.UART_ClearIntFlag)
    i.UART_EnableInt                         0x00000c84   Section        0  uart.o(i.UART_EnableInt)
    i.UART_Open                              0x00000c8c   Section        0  uart.o(i.UART_Open)
    i.UARTx_Process                          0x00000e74   Section        0  main.o(i.UARTx_Process)
    i.__0printf$8                            0x00000e8c   Section        0  printf8.o(i.__0printf$8)
    i.__scatterload_copy                     0x00000eac   Section       14  handlers.o(i.__scatterload_copy)
    i.__scatterload_null                     0x00000eba   Section        2  handlers.o(i.__scatterload_null)
    i.__scatterload_zeroinit                 0x00000ebc   Section       14  handlers.o(i.__scatterload_zeroinit)
    i._printf_core                           0x00000ecc   Section        0  printf8.o(i._printf_core)
    _printf_core                             0x00000ecd   Thumb Code  1020  printf8.o(i._printf_core)
    i._printf_post_padding                   0x000012f4   Section        0  printf8.o(i._printf_post_padding)
    _printf_post_padding                     0x000012f5   Thumb Code    32  printf8.o(i._printf_post_padding)
    i._printf_pre_padding                    0x00001314   Section        0  printf8.o(i._printf_pre_padding)
    _printf_pre_padding                      0x00001315   Thumb Code    44  printf8.o(i._printf_pre_padding)
    i.dump_buffer                            0x00001340   Section        0  main.o(i.dump_buffer)
    i.fmt_err                                0x000013ac   Section        0  main.o(i.fmt_err)
    i.fmt_parsing                            0x0000145c   Section        0  main.o(i.fmt_parsing)
    i.fputc                                  0x00001510   Section        0  retarget.o(i.fputc)
    i.get_systick                            0x00001520   Section        0  main.o(i.get_systick)
    i.get_tick                               0x0000152c   Section        0  main.o(i.get_tick)
    i.loop                                   0x00001538   Section        0  main.o(i.loop)
    i.main                                   0x00001590   Section        0  main.o(i.main)
    i.put_rc                                 0x000015b4   Section        0  main.o(i.put_rc)
    i.rx_rcv_irq                             0x000015f8   Section        0  main.o(i.rx_rcv_irq)
    i.set_systick                            0x000016a0   Section        0  main.o(i.set_systick)
    i.set_tick                               0x000016ac   Section        0  main.o(i.set_tick)
    i.stackDump                              0x000016b8   Section        0  retarget.o(i.stackDump)
    stackDump                                0x000016b9   Thumb Code    70  retarget.o(i.stackDump)
    i.start_timer0                           0x00001760   Section        0  main.o(i.start_timer0)
    i.stop_timer0                            0x00001774   Section        0  main.o(i.stop_timer0)
    i.systick_counter                        0x000017a8   Section        0  main.o(i.systick_counter)
    i.tick_counter                           0x000017b8   Section        0  main.o(i.tick_counter)
    .constdata                               0x000017e0   Section       32  system_m031series.o(.constdata)
    .constdata                               0x00001800   Section       56  clk.o(.constdata)
    .constdata                               0x00001838   Section       32  timer.o(.constdata)
    .constdata                               0x00001858   Section       72  uart.o(.constdata)
    .constdata                               0x000018a0   Section      407  main.o(.constdata)
    __FUNCTION__                             0x000019a0   Data          15  main.o(.constdata)
    .data                                    0x20000000   Section       12  system_m031series.o(.data)
    .data                                    0x2000000c   Section        8  retarget.o(.data)
    .data                                    0x20000014   Section       28  main.o(.data)
    STACK                                    0x20000030   Section      512  startup_m031series.o(STACK)

    Global Symbols

    Symbol Name                              Value     Ov Type        Size  Object(Section)

    BuildAttributes$$THM_ISAv3M$S$PE$A:L22$X:L11$S22$IEEE1$IW$USESV6$~STKCKD$USESV7$~SHL$OSPACE$ROPI$EBA8$MICROLIB$REQ8$PRES8$EABIv2 0x00000000   Number         0  anon$$obj.o ABSOLUTE
    __ARM_use_no_argv                        0x00000000   Number         0  main.o ABSOLUTE
    __Vectors                                0x00000000   Data           4  startup_m031series.o(RESET)
    _printf_a                                0x00000000   Number         0  stubs.o ABSOLUTE
    _printf_c                                0x00000000   Number         0  stubs.o ABSOLUTE
    _printf_charcount                        0x00000000   Number         0  stubs.o ABSOLUTE
    _printf_d                                0x00000000   Number         0  stubs.o ABSOLUTE
    _printf_e                                0x00000000   Number         0  stubs.o ABSOLUTE
    _printf_f                                0x00000000   Number         0  stubs.o ABSOLUTE
    _printf_flags                            0x00000000   Number         0  stubs.o ABSOLUTE
    _printf_fp_dec                           0x00000000   Number         0  stubs.o ABSOLUTE
    _printf_fp_hex                           0x00000000   Number         0  stubs.o ABSOLUTE
    _printf_g                                0x00000000   Number         0  stubs.o ABSOLUTE
    _printf_i                                0x00000000   Number         0  stubs.o ABSOLUTE
    _printf_int_dec                          0x00000000   Number         0  stubs.o ABSOLUTE
    _printf_l                                0x00000000   Number         0  stubs.o ABSOLUTE
    _printf_lc                               0x00000000   Number         0  stubs.o ABSOLUTE
    _printf_ll                               0x00000000   Number         0  stubs.o ABSOLUTE
    _printf_lld                              0x00000000   Number         0  stubs.o ABSOLUTE
    _printf_lli                              0x00000000   Number         0  stubs.o ABSOLUTE
    _printf_llo                              0x00000000   Number         0  stubs.o ABSOLUTE
    _printf_llu                              0x00000000   Number         0  stubs.o ABSOLUTE
    _printf_llx                              0x00000000   Number         0  stubs.o ABSOLUTE
    _printf_longlong_dec                     0x00000000   Number         0  stubs.o ABSOLUTE
    _printf_longlong_hex                     0x00000000   Number         0  stubs.o ABSOLUTE
    _printf_longlong_oct                     0x00000000   Number         0  stubs.o ABSOLUTE
    _printf_ls                               0x00000000   Number         0  stubs.o ABSOLUTE
    _printf_mbtowc                           0x00000000   Number         0  stubs.o ABSOLUTE
    _printf_n                                0x00000000   Number         0  stubs.o ABSOLUTE
    _printf_o                                0x00000000   Number         0  stubs.o ABSOLUTE
    _printf_p                                0x00000000   Number         0  stubs.o ABSOLUTE
    _printf_percent                          0x00000000   Number         0  stubs.o ABSOLUTE
    _printf_pre_padding                      0x00000000   Number         0  stubs.o ABSOLUTE
    _printf_return_value                     0x00000000   Number         0  stubs.o ABSOLUTE
    _printf_s                                0x00000000   Number         0  stubs.o ABSOLUTE
    _printf_sizespec                         0x00000000   Number         0  stubs.o ABSOLUTE
    _printf_str                              0x00000000   Number         0  stubs.o ABSOLUTE
    _printf_truncate_signed                  0x00000000   Number         0  stubs.o ABSOLUTE
    _printf_truncate_unsigned                0x00000000   Number         0  stubs.o ABSOLUTE
    _printf_u                                0x00000000   Number         0  stubs.o ABSOLUTE
    _printf_wc                               0x00000000   Number         0  stubs.o ABSOLUTE
    _printf_wctomb                           0x00000000   Number         0  stubs.o ABSOLUTE
    _printf_widthprec                        0x00000000   Number         0  stubs.o ABSOLUTE
    _printf_x                                0x00000000   Number         0  stubs.o ABSOLUTE
    __cpp_initialize__aeabi_                  - Undefined Weak Reference
    __cxa_finalize                            - Undefined Weak Reference
    __decompress                              - Undefined Weak Reference
    _clock_init                               - Undefined Weak Reference
    _microlib_exit                            - Undefined Weak Reference
    __main                                   0x000000c1   Thumb Code     0  entry.o(.ARM.Collect$$$$00000000)
    _main_stk                                0x000000c1   Thumb Code     0  entry2.o(.ARM.Collect$$$$00000001)
    _main_scatterload                        0x000000c5   Thumb Code     0  entry5.o(.ARM.Collect$$$$00000004)
    __main_after_scatterload                 0x000000c9   Thumb Code     0  entry5.o(.ARM.Collect$$$$00000004)
    _main_clock                              0x000000c9   Thumb Code     0  entry7b.o(.ARM.Collect$$$$00000008)
    _main_cpp_init                           0x000000c9   Thumb Code     0  entry8b.o(.ARM.Collect$$$$0000000A)
    _main_init                               0x000000c9   Thumb Code     0  entry9a.o(.ARM.Collect$$$$0000000B)
    __rt_final_cpp                           0x000000d1   Thumb Code     0  entry10a.o(.ARM.Collect$$$$0000000D)
    __rt_final_exit                          0x000000d1   Thumb Code     0  entry11a.o(.ARM.Collect$$$$0000000F)
    HardFault_Handler                        0x000000d5   Thumb Code    24  retarget.o(.emb_text)
    Reset_Handler                            0x000000f1   Thumb Code    38  startup_m031series.o(.text)
    NMI_Handler                              0x00000117   Thumb Code     2  startup_m031series.o(.text)
    SVC_Handler                              0x0000011b   Thumb Code     2  startup_m031series.o(.text)
    PendSV_Handler                           0x0000011d   Thumb Code     2  startup_m031series.o(.text)
    ACMP01_IRQHandler                        0x00000121   Thumb Code     0  startup_m031series.o(.text)
    ADC_IRQHandler                           0x00000121   Thumb Code     0  startup_m031series.o(.text)
    BOD_IRQHandler                           0x00000121   Thumb Code     0  startup_m031series.o(.text)
    BPWM0_IRQHandler                         0x00000121   Thumb Code     0  startup_m031series.o(.text)
    BPWM1_IRQHandler                         0x00000121   Thumb Code     0  startup_m031series.o(.text)
    CKFAIL_IRQHandler                        0x00000121   Thumb Code     0  startup_m031series.o(.text)
    EINT024_IRQHandler                       0x00000121   Thumb Code     0  startup_m031series.o(.text)
    EINT135_IRQHandler                       0x00000121   Thumb Code     0  startup_m031series.o(.text)
    GPABGH_IRQHandler                        0x00000121   Thumb Code     0  startup_m031series.o(.text)
    GPCDEF_IRQHandler                        0x00000121   Thumb Code     0  startup_m031series.o(.text)
    I2C0_IRQHandler                          0x00000121   Thumb Code     0  startup_m031series.o(.text)
    I2C1_IRQHandler                          0x00000121   Thumb Code     0  startup_m031series.o(.text)
    ISP_IRQHandler                           0x00000121   Thumb Code     0  startup_m031series.o(.text)
    PDMA_IRQHandler                          0x00000121   Thumb Code     0  startup_m031series.o(.text)
    PWM0_IRQHandler                          0x00000121   Thumb Code     0  startup_m031series.o(.text)
    PWM1_IRQHandler                          0x00000121   Thumb Code     0  startup_m031series.o(.text)
    PWRWU_IRQHandler                         0x00000121   Thumb Code     0  startup_m031series.o(.text)
    QSPI0_IRQHandler                         0x00000121   Thumb Code     0  startup_m031series.o(.text)
    RTC_IRQHandler                           0x00000121   Thumb Code     0  startup_m031series.o(.text)
    SPI0_IRQHandler                          0x00000121   Thumb Code     0  startup_m031series.o(.text)
    TMR2_IRQHandler                          0x00000121   Thumb Code     0  startup_m031series.o(.text)
    TMR3_IRQHandler                          0x00000121   Thumb Code     0  startup_m031series.o(.text)
    UART13_IRQHandler                        0x00000121   Thumb Code     0  startup_m031series.o(.text)
    UART46_IRQHandler                        0x00000121   Thumb Code     0  startup_m031series.o(.text)
    UART57_IRQHandler                        0x00000121   Thumb Code     0  startup_m031series.o(.text)
    USBD_IRQHandler                          0x00000121   Thumb Code     0  startup_m031series.o(.text)
    USCI01_IRQHandler                        0x00000121   Thumb Code     0  startup_m031series.o(.text)
    WDT_IRQHandler                           0x00000121   Thumb Code     0  startup_m031series.o(.text)
    __aeabi_uidiv                            0x0000014d   Thumb Code     0  uidiv.o(.text)
    __aeabi_uidivmod                         0x0000014d   Thumb Code    44  uidiv.o(.text)
    __aeabi_memcpy                           0x00000179   Thumb Code    36  memcpya.o(.text)
    __aeabi_memcpy4                          0x00000179   Thumb Code     0  memcpya.o(.text)
    __aeabi_memcpy8                          0x00000179   Thumb Code     0  memcpya.o(.text)
    __aeabi_uldivmod                         0x0000019d   Thumb Code    96  uldiv.o(.text)
    __scatterload                            0x000001fd   Thumb Code    28  init.o(.text)
    __scatterload_rt2                        0x000001fd   Thumb Code     0  init.o(.text)
    __aeabi_llsl                             0x00000221   Thumb Code    32  llshl.o(.text)
    _ll_shift_l                              0x00000221   Thumb Code     0  llshl.o(.text)
    __aeabi_llsr                             0x00000241   Thumb Code    34  llushr.o(.text)
    _ll_ushift_r                             0x00000241   Thumb Code     0  llushr.o(.text)
    CLK_EnableModuleClock                    0x00000265   Thumb Code    56  clk.o(i.CLK_EnableModuleClock)
    CLK_EnableXtalRC                         0x000002a5   Thumb Code    12  clk.o(i.CLK_EnableXtalRC)
    CLK_GetCPUFreq                           0x000002b5   Thumb Code    12  clk.o(i.CLK_GetCPUFreq)
    CLK_GetHXTFreq                           0x000002c5   Thumb Code    20  clk.o(i.CLK_GetHXTFreq)
    CLK_GetLXTFreq                           0x000002e1   Thumb Code    20  clk.o(i.CLK_GetLXTFreq)
    CLK_GetPCLK0Freq                         0x000002f9   Thumb Code    22  clk.o(i.CLK_GetPCLK0Freq)
    CLK_GetPCLK1Freq                         0x00000319   Thumb Code    24  clk.o(i.CLK_GetPCLK1Freq)
    CLK_SetHCLK                              0x00000439   Thumb Code   106  clk.o(i.CLK_SetHCLK)
    CLK_SetModuleClock                       0x000004a9   Thumb Code   130  clk.o(i.CLK_SetModuleClock)
    CLK_WaitClockReady                       0x00000535   Thumb Code    32  clk.o(i.CLK_WaitClockReady)
    CRC8                                     0x0000055d   Thumb Code    30  main.o(i.CRC8)
    GPIO_Init                                0x00000581   Thumb Code    52  main.o(i.GPIO_Init)
    GPIO_SetMode                             0x000005b9   Thumb Code    46  gpio.o(i.GPIO_SetMode)
    Hard_Fault_Handler                       0x000005e9   Thumb Code    18  retarget.o(i.Hard_Fault_Handler)
    SYS_Init                                 0x000006a1   Thumb Code   158  main.o(i.SYS_Init)
    SYS_ResetModule                          0x00000755   Thumb Code    48  sys.o(i.SYS_ResetModule)
    SysTick_Handler                          0x000007c5   Thumb Code    22  main.o(i.SysTick_Handler)
    SysTick_enable                           0x000007dd   Thumb Code    76  main.o(i.SysTick_enable)
    SystemCoreClockUpdate                    0x00000851   Thumb Code    76  system_m031series.o(i.SystemCoreClockUpdate)
    SystemInit                               0x000008b5   Thumb Code    70  system_m031series.o(i.SystemInit)
    TIMER0_Init                              0x00000905   Thumb Code    22  main.o(i.TIMER0_Init)
    TIMER1_Init                              0x00000921   Thumb Code    36  main.o(i.TIMER1_Init)
    TIMER_GetModuleClock                     0x00000955   Thumb Code   130  timer.o(i.TIMER_GetModuleClock)
    TIMER_Open                               0x000009e9   Thumb Code    82  timer.o(i.TIMER_Open)
    TMR0_IRQHandler                          0x00000a49   Thumb Code    74  main.o(i.TMR0_IRQHandler)
    TMR1_IRQHandler                          0x00000aa1   Thumb Code    66  main.o(i.TMR1_IRQHandler)
    UART02_IRQHandler                        0x00000aed   Thumb Code    70  main.o(i.UART02_IRQHandler)
    UART0_Init                               0x00000b39   Thumb Code   104  main.o(i.UART0_Init)
    UART_ClearIntFlag                        0x00000c2d   Thumb Code    82  uart.o(i.UART_ClearIntFlag)
    UART_EnableInt                           0x00000c85   Thumb Code     8  uart.o(i.UART_EnableInt)
    UART_Open                                0x00000c8d   Thumb Code   438  uart.o(i.UART_Open)
    UARTx_Process                            0x00000e75   Thumb Code    18  main.o(i.UARTx_Process)
    __0printf$8                              0x00000e8d   Thumb Code    24  printf8.o(i.__0printf$8)
    __1printf$8                              0x00000e8d   Thumb Code     0  printf8.o(i.__0printf$8)
    __2printf                                0x00000e8d   Thumb Code     0  printf8.o(i.__0printf$8)
    __scatterload_copy                       0x00000ead   Thumb Code    14  handlers.o(i.__scatterload_copy)
    __scatterload_null                       0x00000ebb   Thumb Code     2  handlers.o(i.__scatterload_null)
    __scatterload_zeroinit                   0x00000ebd   Thumb Code    14  handlers.o(i.__scatterload_zeroinit)
    dump_buffer                              0x00001341   Thumb Code    66  main.o(i.dump_buffer)
    fmt_err                                  0x000013ad   Thumb Code   108  main.o(i.fmt_err)
    fmt_parsing                              0x0000145d   Thumb Code   156  main.o(i.fmt_parsing)
    fputc                                    0x00001511   Thumb Code    16  retarget.o(i.fputc)
    get_systick                              0x00001521   Thumb Code     6  main.o(i.get_systick)
    get_tick                                 0x0000152d   Thumb Code     6  main.o(i.get_tick)
    loop                                     0x00001539   Thumb Code    78  main.o(i.loop)
    main                                     0x00001591   Thumb Code    36  main.o(i.main)
    put_rc                                   0x000015b5   Thumb Code    44  main.o(i.put_rc)
    rx_rcv_irq                               0x000015f9   Thumb Code   150  main.o(i.rx_rcv_irq)
    set_systick                              0x000016a1   Thumb Code     6  main.o(i.set_systick)
    set_tick                                 0x000016ad   Thumb Code     6  main.o(i.set_tick)
    start_timer0                             0x00001761   Thumb Code    16  main.o(i.start_timer0)
    stop_timer0                              0x00001775   Thumb Code    46  main.o(i.stop_timer0)
    systick_counter                          0x000017a9   Thumb Code    12  main.o(i.systick_counter)
    tick_counter                             0x000017b9   Thumb Code    30  main.o(i.tick_counter)
    gau32ClkSrcTbl                           0x000017e0   Data          32  system_m031series.o(.constdata)
    CRC8TAB                                  0x000018a0   Data         256  main.o(.constdata)
    Region$$Table$$Base                      0x00001a38   Number         0  anon$$obj.o(Region$$Table)
    Region$$Table$$Limit                     0x00001a58   Number         0  anon$$obj.o(Region$$Table)
    SystemCoreClock                          0x20000000   Data           4  system_m031series.o(.data)
    CyclesPerUs                              0x20000004   Data           4  system_m031series.o(.data)
    PllClock                                 0x20000008   Data           4  system_m031series.o(.data)
    __stdout                                 0x2000000c   Data           4  retarget.o(.data)
    __stdin                                  0x20000010   Data           4  retarget.o(.data)
    BitFlag                                  0x20000014   Data           4  main.o(.data)
    counter_tick                             0x20000018   Data           4  main.o(.data)
    counter_systick                          0x2000001c   Data           4  main.o(.data)
    cmd_fmt_index                            0x20000020   Data           1  main.o(.data)
    err_fmt_index                            0x20000021   Data           1  main.o(.data)
    RXBUFFER                                 0x20000022   Data           8  main.o(.data)
    uart_rcv_cnt                             0x2000002a   Data           1  main.o(.data)
    u32rcvtick                               0x2000002c   Data           4  main.o(.data)
    __initial_sp                             0x20000230   Data           0  startup_m031series.o(STACK)



==============================================================================

Memory Map of the image

  Image Entry point : 0x000000f1

  Load Region LR_1 (Base: 0x00000000, Size: 0x00001a88, Max: 0xffffffff, ABSOLUTE)

    Execution Region ER_RO (Exec base: 0x00000000, Load base: 0x00000000, Size: 0x00001a58, Max: 0xffffffff, ABSOLUTE)

    Exec Addr    Load Addr    Size         Type   Attr      Idx    E Section Name        Object

    0x00000000   0x00000000   0x000000c0   Data   RO          214    RESET               startup_m031series.o
    0x000000c0   0x000000c0   0x00000000   Code   RO         1143  * .ARM.Collect$$$$00000000  mc_p.l(entry.o)
    0x000000c0   0x000000c0   0x00000004   Code   RO         1411    .ARM.Collect$$$$00000001  mc_p.l(entry2.o)
    0x000000c4   0x000000c4   0x00000004   Code   RO         1414    .ARM.Collect$$$$00000004  mc_p.l(entry5.o)
    0x000000c8   0x000000c8   0x00000000   Code   RO         1416    .ARM.Collect$$$$00000008  mc_p.l(entry7b.o)
    0x000000c8   0x000000c8   0x00000000   Code   RO         1418    .ARM.Collect$$$$0000000A  mc_p.l(entry8b.o)
    0x000000c8   0x000000c8   0x00000008   Code   RO         1419    .ARM.Collect$$$$0000000B  mc_p.l(entry9a.o)
    0x000000d0   0x000000d0   0x00000000   Code   RO         1421    .ARM.Collect$$$$0000000D  mc_p.l(entry10a.o)
    0x000000d0   0x000000d0   0x00000000   Code   RO         1423    .ARM.Collect$$$$0000000F  mc_p.l(entry11a.o)
    0x000000d0   0x000000d0   0x00000004   Code   RO         1412    .ARM.Collect$$$$00002712  mc_p.l(entry2.o)
    0x000000d4   0x000000d4   0x0000001c   Code   RO          427    .emb_text           retarget.o
    0x000000f0   0x000000f0   0x0000005c   Code   RO          215  * .text               startup_m031series.o
    0x0000014c   0x0000014c   0x0000002c   Code   RO         1144    .text               mc_p.l(uidiv.o)
    0x00000178   0x00000178   0x00000024   Code   RO         1146    .text               mc_p.l(memcpya.o)
    0x0000019c   0x0000019c   0x00000060   Code   RO         1425    .text               mc_p.l(uldiv.o)
    0x000001fc   0x000001fc   0x00000024   Code   RO         1438    .text               mc_p.l(init.o)
    0x00000220   0x00000220   0x00000020   Code   RO         1440    .text               mc_p.l(llshl.o)
    0x00000240   0x00000240   0x00000022   Code   RO         1442    .text               mc_p.l(llushr.o)
    0x00000262   0x00000262   0x00000002   PAD
    0x00000264   0x00000264   0x00000040   Code   RO          227    i.CLK_EnableModuleClock  clk.o
    0x000002a4   0x000002a4   0x00000010   Code   RO          230    i.CLK_EnableXtalRC  clk.o
    0x000002b4   0x000002b4   0x00000010   Code   RO          231    i.CLK_GetCPUFreq    clk.o
    0x000002c4   0x000002c4   0x0000001c   Code   RO          233    i.CLK_GetHXTFreq    clk.o
    0x000002e0   0x000002e0   0x00000018   Code   RO          234    i.CLK_GetLXTFreq    clk.o
    0x000002f8   0x000002f8   0x00000020   Code   RO          235    i.CLK_GetPCLK0Freq  clk.o
    0x00000318   0x00000318   0x00000020   Code   RO          236    i.CLK_GetPCLK1Freq  clk.o
    0x00000338   0x00000338   0x00000080   Code   RO            3    i.CLK_GetPLLClockFreq  system_m031series.o
    0x000003b8   0x000003b8   0x00000080   Code   RO          681    i.CLK_GetPLLClockFreq  uart.o
    0x00000438   0x00000438   0x00000070   Code   RO          241    i.CLK_SetHCLK       clk.o
    0x000004a8   0x000004a8   0x0000008c   Code   RO          242    i.CLK_SetModuleClock  clk.o
    0x00000534   0x00000534   0x00000028   Code   RO          244    i.CLK_WaitClockReady  clk.o
    0x0000055c   0x0000055c   0x00000024   Code   RO          788    i.CRC8              main.o
    0x00000580   0x00000580   0x00000038   Code   RO          790    i.GPIO_Init         main.o
    0x000005b8   0x000005b8   0x0000002e   Code   RO          394    i.GPIO_SetMode      gpio.o
    0x000005e6   0x000005e6   0x00000002   PAD
    0x000005e8   0x000005e8   0x0000002c   Code   RO          429    i.Hard_Fault_Handler  retarget.o
    0x00000614   0x00000614   0x00000014   Code   RO          791    i.NVIC_EnableIRQ    main.o
    0x00000628   0x00000628   0x00000078   Code   RO          792    i.NVIC_SetPriority  main.o
    0x000006a0   0x000006a0   0x000000b4   Code   RO          793    i.SYS_Init          main.o
    0x00000754   0x00000754   0x00000030   Code   RO          523    i.SYS_ResetModule   sys.o
    0x00000784   0x00000784   0x0000000c   Code   RO          431    i.SendChar          retarget.o
    0x00000790   0x00000790   0x00000034   Code   RO          432    i.SendChar_ToUART   retarget.o
    0x000007c4   0x000007c4   0x00000016   Code   RO          794    i.SysTick_Handler   main.o
    0x000007da   0x000007da   0x00000002   PAD
    0x000007dc   0x000007dc   0x00000074   Code   RO          796    i.SysTick_enable    main.o
    0x00000850   0x00000850   0x00000064   Code   RO            4    i.SystemCoreClockUpdate  system_m031series.o
    0x000008b4   0x000008b4   0x00000050   Code   RO            5    i.SystemInit        system_m031series.o
    0x00000904   0x00000904   0x0000001c   Code   RO          797    i.TIMER0_Init       main.o
    0x00000920   0x00000920   0x00000028   Code   RO          798    i.TIMER1_Init       main.o
    0x00000948   0x00000948   0x0000000c   Code   RO          799    i.TIMER_EnableInt   main.o
    0x00000954   0x00000954   0x00000094   Code   RO          597    i.TIMER_GetModuleClock  timer.o
    0x000009e8   0x000009e8   0x00000052   Code   RO          598    i.TIMER_Open        timer.o
    0x00000a3a   0x00000a3a   0x0000000c   Code   RO          800    i.TIMER_Start       main.o
    0x00000a46   0x00000a46   0x00000002   PAD
    0x00000a48   0x00000a48   0x00000058   Code   RO          801    i.TMR0_IRQHandler   main.o
    0x00000aa0   0x00000aa0   0x0000004c   Code   RO          802    i.TMR1_IRQHandler   main.o
    0x00000aec   0x00000aec   0x0000004c   Code   RO          803    i.UART02_IRQHandler  main.o
    0x00000b38   0x00000b38   0x000000f4   Code   RO          804    i.UART0_Init        main.o
    0x00000c2c   0x00000c2c   0x00000058   Code   RO          682    i.UART_ClearIntFlag  uart.o
    0x00000c84   0x00000c84   0x00000008   Code   RO          687    i.UART_EnableInt    uart.o
    0x00000c8c   0x00000c8c   0x000001e8   Code   RO          688    i.UART_Open         uart.o
    0x00000e74   0x00000e74   0x00000018   Code   RO          805    i.UARTx_Process     main.o
    0x00000e8c   0x00000e8c   0x00000020   Code   RO         1357    i.__0printf$8       mc_p.l(printf8.o)
    0x00000eac   0x00000eac   0x0000000e   Code   RO         1452    i.__scatterload_copy  mc_p.l(handlers.o)
    0x00000eba   0x00000eba   0x00000002   Code   RO         1453    i.__scatterload_null  mc_p.l(handlers.o)
    0x00000ebc   0x00000ebc   0x0000000e   Code   RO         1454    i.__scatterload_zeroinit  mc_p.l(handlers.o)
    0x00000eca   0x00000eca   0x00000002   PAD
    0x00000ecc   0x00000ecc   0x00000428   Code   RO         1364    i._printf_core      mc_p.l(printf8.o)
    0x000012f4   0x000012f4   0x00000020   Code   RO         1365    i._printf_post_padding  mc_p.l(printf8.o)
    0x00001314   0x00001314   0x0000002c   Code   RO         1366    i._printf_pre_padding  mc_p.l(printf8.o)
    0x00001340   0x00001340   0x0000006c   Code   RO          808    i.dump_buffer       main.o
    0x000013ac   0x000013ac   0x000000b0   Code   RO          810    i.fmt_err           main.o
    0x0000145c   0x0000145c   0x000000b4   Code   RO          811    i.fmt_parsing       main.o
    0x00001510   0x00001510   0x00000010   Code   RO          436    i.fputc             retarget.o
    0x00001520   0x00001520   0x0000000c   Code   RO          812    i.get_systick       main.o
    0x0000152c   0x0000152c   0x0000000c   Code   RO          813    i.get_tick          main.o
    0x00001538   0x00001538   0x00000058   Code   RO          814    i.loop              main.o
    0x00001590   0x00001590   0x00000024   Code   RO          815    i.main              main.o
    0x000015b4   0x000015b4   0x00000044   Code   RO          816    i.put_rc            main.o
    0x000015f8   0x000015f8   0x000000a8   Code   RO          818    i.rx_rcv_irq        main.o
    0x000016a0   0x000016a0   0x0000000c   Code   RO          819    i.set_systick       main.o
    0x000016ac   0x000016ac   0x0000000c   Code   RO          820    i.set_tick          main.o
    0x000016b8   0x000016b8   0x000000a8   Code   RO          438    i.stackDump         retarget.o
    0x00001760   0x00001760   0x00000014   Code   RO          821    i.start_timer0      main.o
    0x00001774   0x00001774   0x00000034   Code   RO          822    i.stop_timer0       main.o
    0x000017a8   0x000017a8   0x00000010   Code   RO          823    i.systick_counter   main.o
    0x000017b8   0x000017b8   0x00000028   Code   RO          824    i.tick_counter      main.o
    0x000017e0   0x000017e0   0x00000020   Data   RO            6    .constdata          system_m031series.o
    0x00001800   0x00001800   0x00000038   Data   RO          245    .constdata          clk.o
    0x00001838   0x00001838   0x00000020   Data   RO          601    .constdata          timer.o
    0x00001858   0x00001858   0x00000048   Data   RO          696    .constdata          uart.o
    0x000018a0   0x000018a0   0x00000197   Data   RO          825    .constdata          main.o
    0x00001a37   0x00001a37   0x00000001   PAD
    0x00001a38   0x00001a38   0x00000020   Data   RO         1450    Region$$Table       anon$$obj.o


    Execution Region ER_RW (Exec base: 0x20000000, Load base: 0x00001a58, Size: 0x00000030, Max: 0xffffffff, ABSOLUTE)

    Exec Addr    Load Addr    Size         Type   Attr      Idx    E Section Name        Object

    0x20000000   0x00001a58   0x0000000c   Data   RW            7    .data               system_m031series.o
    0x2000000c   0x00001a64   0x00000008   Data   RW          439    .data               retarget.o
    0x20000014   0x00001a6c   0x0000001c   Data   RW          826    .data               main.o


    Execution Region ER_ZI (Exec base: 0x20000030, Load base: 0x00001a88, Size: 0x00000200, Max: 0xffffffff, ABSOLUTE)

    Exec Addr    Load Addr    Size         Type   Attr      Idx    E Section Name        Object

    0x20000030        -       0x00000200   Zero   RW          212    STACK               startup_m031series.o


==============================================================================

Image component sizes


      Code (inc. data)   RO Data    RW Data    ZI Data      Debug   Object Name

       504         70         56          0          0       5804   clk.o
        46          0          0          0          0       1003   gpio.o
      2150        508        407         28          0      91365   main.o
       320        132          0          8          0       5059   retarget.o
        92         42        192          0        512        720   startup_m031series.o
        48          0          0          0          0        510   sys.o
       308         52         32         12          0     110455   system_m031series.o
       230         18         32          0          0       1928   timer.o
       712         74         72          0          0       3301   uart.o

    ----------------------------------------------------------------------
      4416        896        824         48        512     220145   Object Totals
         0          0         32          0          0          0   (incl. Generated)
         6          0          1          0          0          0   (incl. Padding)

    ----------------------------------------------------------------------

      Code (inc. data)   RO Data    RW Data    ZI Data      Debug   Library Member Name

         0          0          0          0          0          0   entry.o
         0          0          0          0          0          0   entry10a.o
         0          0          0          0          0          0   entry11a.o
         8          4          0          0          0          0   entry2.o
         4          0          0          0          0          0   entry5.o
         0          0          0          0          0          0   entry7b.o
         0          0          0          0          0          0   entry8b.o
         8          4          0          0          0          0   entry9a.o
        30          0          0          0          0          0   handlers.o
        36          8          0          0          0         68   init.o
        32          0          0          0          0         68   llshl.o
        34          0          0          0          0         68   llushr.o
        36          0          0          0          0         60   memcpya.o
      1172         52          0          0          0        324   printf8.o
        44          0          0          0          0         72   uidiv.o
        96          0          0          0          0         84   uldiv.o

    ----------------------------------------------------------------------
      1504         68          0          0          0        744   Library Totals
         4          0          0          0          0          0   (incl. Padding)

    ----------------------------------------------------------------------

      Code (inc. data)   RO Data    RW Data    ZI Data      Debug   Library Name

      1500         68          0          0          0        744   mc_p.l

    ----------------------------------------------------------------------
      1504         68          0          0          0        744   Library Totals

    ----------------------------------------------------------------------

==============================================================================


      Code (inc. data)   RO Data    RW Data    ZI Data      Debug   

      5920        964        824         48        512     218305   Grand Totals
      5920        964        824         48        512     218305   ELF Image Totals
      5920        964        824         48          0          0   ROM Totals

==============================================================================

    Total RO  Size (Code + RO Data)                 6744 (   6.59kB)
    Total RW  Size (RW Data + ZI Data)               560 (   0.55kB)
    Total ROM Size (Code + RO Data + RW Data)       6792 (   6.63kB)

==============================================================================

